../Core/Src/tim.c:35:6:MX_TIM1_Init	56	static
../Core/Src/tim.c:80:6:MX_TIM2_Init	48	static
../Core/Src/tim.c:124:6:MX_TIM3_Init	56	static
../Core/Src/tim.c:168:6:MX_TIM4_Init	48	static
../Core/Src/tim.c:216:6:MX_TIM5_Init	56	static
../Core/Src/tim.c:260:6:MX_TIM10_Init	8	static
../Core/Src/tim.c:286:6:HAL_TIM_Encoder_MspInit	64	static
../Core/Src/tim.c:373:6:HAL_TIM_PWM_MspInit	24	static
../Core/Src/tim.c:400:6:HAL_TIM_Base_MspInit	24	static
../Core/Src/tim.c:419:6:HAL_TIM_MspPostInit	48	static
../Core/Src/tim.c:468:6:HAL_TIM_Encoder_MspDeInit	16	static
../Core/Src/tim.c:540:6:HAL_TIM_PWM_MspDeInit	16	static
../Core/Src/tim.c:567:6:HAL_TIM_Base_MspDeInit	16	static
